{"logTime": "0928/143523", "correlationVector":"SDso/d4fKjia5rXiaFDwcs.1","action":"SyncServerConnectionManagerRequest", "result":"SYNC_SERVER_OK", "context":{"environment":"Prod_centralus_prod-s01-068-nam-centralus", "migrationStage":"NotStarted", "server":"aksw2500100001s"}}
{"logTime": "0928/143523", "correlationVector":"SDso/d4fKjia5rXiaFDwcs.2","action":"ProcessGetUpdates", "result":"Done", "context":{"dataType":"Encryption Keys", "deleted":"0", "process_failed_to_decrypt":"0", "process_pending_decryption":"0", "process_success":"1", "total":"1"}}
{"logTime": "0928/143523", "correlationVector":"1w0zp3JZT2QSXseq05jclO","action":"SyncServerConnectionManagerRequest", "result":"SYNC_SERVER_OK", "context":{"environment":"", "migrationStage":"", "server":""}}
{"logTime": "0928/143523", "correlationVector":"1w0zp3JZT2QSXseq05jclO.0","action":"EncryptionKeysFetcher.DownloadKeys:", "result":"Success", "context":Key count: 5, Last key timestamp: 2026-09-27T01:53:48Z}
{"logTime": "0928/143523", "correlationVector":"1w0zp3JZT2QSXseq05jclO.1","action":"EncryptionKeysManager::SetEncryptionKeys:", "result":"Success", "context":Key names[5]:[W48xGPHN91uN7LdC8hhe6chc5NS6EtQifIn5TP5eXb6F2mnQUt3Ag/fuv7LQLq8e0fo7GnrXOTbfSVQ9/KteSA==][SZoZUmQUW21g8LUEjRq90pTRBfnL+CDUGqSHd78rCe4zLQSp6i59r8aatryy2FFQferhkyHTpXsyuUYX83FNBg==][gi5CcDlERj0Q/TqmAThR8ntwRHr2cd+db57L3XwWyrejIWshk7DCXi3pfxyxDLrOdbFjdLIT28/PD81RZVQUBg==][HTjheR8Ogg0ukAd6WZQoQ5+XEvJWMcsUZOW0UUrMO85BurIS+wOfwPt+33KrZFlWOqVmqLo/wVmBBHk1EY5OtA==][Xivfoo7AvVzQJgymKbSY3zLyv2Ls2ib7lGstfETRGQV9NVNXPP6cWIgGWAPUtXxX2UeT99qeSTrsEml97Ml8Cg==]}
{"logTime": "0928/143523", "correlationVector":"1w0zp3JZT2QSXseq05jclO.2","action":"EncryptionKeysManager::SetEncryptionKeysWithTimestamps:", "result":"Success", "context":Key timestamps[5]:[2024-09-24T02:00:15Z][2025-03-29T02:13:37Z][2025-09-29T02:50:57Z][2026-03-29T02:02:45Z][2026-09-27T01:53:48Z]}
{"logTime": "0928/143524", "correlationVector":"SDso/d4fKjia5rXiaFDwcs","action":"Initial GetUpdates", "result":"", "context":Reason: NEW_CLIENT. cV=SDso/d4fKjia5rXiaFDwcs}
{"logTime": "0928/143524", "correlationVector":"SDso/d4fKjia5rXiaFDwcs.3","action":"GetUpdates Response", "result":"Success", "context":Received 1 update(s). cV=SDso/d4fKjia5rXiaFDwcs.0;server=aksw2500100001s;cloudType=Consumer;environment=Prod_centralus_prod-s01-068-nam-centralus;migrationStage=NotStarted}
{"logTime": "0928/143524", "correlationVector":"lRXTlZqEXEj2+zSEawzbYs","action":"Initial GetUpdates", "result":"", "context":Reason: NEWLY_SUPPORTED_DATATYPE. cV=lRXTlZqEXEj2+zSEawzbYs}
{"logTime": "0928/143524", "correlationVector":"lRXTlZqEXEj2+zSEawzbYs.1","action":"SyncServerConnectionManagerRequest", "result":"SYNC_SERVER_OK", "context":{"environment":"Prod_centralus_prod-s01-068-nam-centralus", "migrationStage":"NotStarted", "server":"aksw2500100001u"}}
{"logTime": "0928/143524", "correlationVector":"lRXTlZqEXEj2+zSEawzbYs.2","action":"ProcessGetUpdates", "result":"Done", "context":{"dataType":"Passwords", "deleted":"0", "process_failed_to_decrypt":"0", "process_pending_decryption":"0", "process_success":"17", "total":"17"}}
{"logTime": "0928/143524", "correlationVector":"lRXTlZqEXEj2+zSEawzbYs.3","action":"ProcessGetUpdates", "result":"Done", "context":{"dataType":"Device Info", "deleted":"0", "process_failed_to_decrypt":"0", "process_pending_decryption":"0", "process_success":"16", "total":"16"}}
{"logTime": "0928/143524", "correlationVector":"lRXTlZqEXEj2+zSEawzbYs.4","action":"GetUpdates Response", "result":"Success", "context":Received 33 update(s). cV=lRXTlZqEXEj2+zSEawzbYs.0;server=aksw2500100001u;cloudType=Consumer;environment=Prod_centralus_prod-s01-068-nam-centralus;migrationStage=NotStarted}
{"logTime": "0928/143524", "correlationVector":"80iQHrILi1Z0Vfu2mZi2xr","action":"Initial GetUpdates", "result":"", "context":Reason: NEWLY_SUPPORTED_DATATYPE. cV=80iQHrILi1Z0Vfu2mZi2xr}
{"logTime": "0928/143524", "correlationVector":"80iQHrILi1Z0Vfu2mZi2xr.1","action":"SyncServerConnectionManagerRequest", "result":"SYNC_SERVER_OK", "context":{"environment":"Prod_centralus_prod-s01-068-nam-centralus", "migrationStage":"NotStarted", "server":"aksw2500100000e"}}
{"logTime": "0928/143524", "correlationVector":"80iQHrILi1Z0Vfu2mZi2xr.2","action":"ProcessGetUpdates", "result":"Done", "context":{"dataType":"Bookmarks", "deleted":"0", "process_failed_to_decrypt":"0", "process_pending_decryption":"0", "process_success":"9", "total":"9"}}
{"logTime": "0928/143524", "correlationVector":"80iQHrILi1Z0Vfu2mZi2xr.3","action":"ProcessGetUpdates", "result":"Done", "context":{"dataType":"Preferences", "deleted":"0", "process_failed_to_decrypt":"0", "process_pending_decryption":"0", "process_success":"70", "total":"70"}}
{"logTime": "0928/143524", "correlationVector":"80iQHrILi1Z0Vfu2mZi2xr.4","action":"ProcessGetUpdates", "result":"Done", "context":{"dataType":"Autofill Profiles", "deleted":"0", "process_failed_to_decrypt":"0", "process_pending_decryption":"0", "process_success":"5", "total":"5"}}
{"logTime": "0928/143524", "correlationVector":"80iQHrILi1Z0Vfu2mZi2xr.5","action":"ProcessGetUpdates", "result":"Done", "context":{"dataType":"Autofill", "deleted":"0", "process_failed_to_decrypt":"0", "process_pending_decryption":"0", "process_success":"166", "total":"166"}}
{"logTime": "0928/143524", "correlationVector":"80iQHrILi1Z0Vfu2mZi2xr.6","action":"GetUpdates Response", "result":"Success", "context":Received 250 update(s). cV=80iQHrILi1Z0Vfu2mZi2xr.0;server=aksw2500100000e;cloudType=Consumer;environment=Prod_centralus_prod-s01-068-nam-centralus;migrationStage=NotStarted Some updates remain.}
{"logTime": "0928/143524", "correlationVector":"GrAZYNFfdn4yYMPhIbj/9F","action":"Initial GetUpdates", "result":"", "context":Reason: NEWLY_SUPPORTED_DATATYPE. cV=GrAZYNFfdn4yYMPhIbj/9F}
{"logTime": "0928/143525", "correlationVector":"GrAZYNFfdn4yYMPhIbj/9F.1","action":"SyncServerConnectionManagerRequest", "result":"SYNC_SERVER_OK", "context":{"environment":"Prod_centralus_prod-s01-068-nam-centralus", "migrationStage":"NotStarted", "server":"aksw2500100001s"}}
{"logTime": "0928/143525", "correlationVector":"GrAZYNFfdn4yYMPhIbj/9F.2","action":"ProcessGetUpdates", "result":"Done", "context":{"dataType":"Bookmarks", "deleted":"0", "process_failed_to_decrypt":"0", "process_pending_decryption":"0", "process_success":"1", "total":"1"}}
{"logTime": "0928/143525", "correlationVector":"GrAZYNFfdn4yYMPhIbj/9F.3","action":"ProcessGetUpdates", "result":"Done", "context":{"dataType":"Preferences", "deleted":"0", "process_failed_to_decrypt":"0", "process_pending_decryption":"0", "process_success":"11", "total":"11"}}
{"logTime": "0928/143525", "correlationVector":"GrAZYNFfdn4yYMPhIbj/9F.4","action":"ProcessGetUpdates", "result":"Done", "context":{"dataType":"Autofill Profiles", "deleted":"3", "process_failed_to_decrypt":"0", "process_pending_decryption":"0", "process_success":"5", "total":"5"}}
{"logTime": "0928/143525", "correlationVector":"GrAZYNFfdn4yYMPhIbj/9F.5","action":"ProcessGetUpdates", "result":"Done", "context":{"dataType":"Autofill", "deleted":"0", "process_failed_to_decrypt":"0", "process_pending_decryption":"0", "process_success":"51", "total":"51"}}
{"logTime": "0928/143525", "correlationVector":"GrAZYNFfdn4yYMPhIbj/9F.6","action":"ProcessGetUpdates", "result":"Done", "context":{"dataType":"Sessions", "deleted":"156", "process_failed_to_decrypt":"0", "process_pending_decryption":"0", "process_success":"172", "total":"172"}}
{"logTime": "0928/143525", "correlationVector":"GrAZYNFfdn4yYMPhIbj/9F.7","action":"ProcessGetUpdates", "result":"Done", "context":{"dataType":"Edge Hub App Usage", "deleted":"3", "process_failed_to_decrypt":"0", "process_pending_decryption":"0", "process_success":"10", "total":"10"}}
{"logTime": "0928/143525", "correlationVector":"GrAZYNFfdn4yYMPhIbj/9F.8","action":"GetUpdates Response", "result":"Success", "context":Received 250 update(s). cV=GrAZYNFfdn4yYMPhIbj/9F.0;server=aksw2500100001s;cloudType=Consumer;environment=Prod_centralus_prod-s01-068-nam-centralus;migrationStage=NotStarted Some updates remain.}
{"logTime": "0928/143525", "correlationVector":"dUZEIfyqvoqgmsobBGQsEQ","action":"Initial GetUpdates", "result":"", "context":Reason: NEWLY_SUPPORTED_DATATYPE. cV=dUZEIfyqvoqgmsobBGQsEQ}
{"logTime": "0928/143525", "correlationVector":"dUZEIfyqvoqgmsobBGQsEQ.1","action":"SyncServerConnectionManagerRequest", "result":"SYNC_SERVER_OK", "context":{"environment":"Prod_centralus_prod-s01-068-nam-centralus", "migrationStage":"NotStarted", "server":"aksw2500100001u"}}
{"logTime": "0928/143525", "correlationVector":"dUZEIfyqvoqgmsobBGQsEQ.2","action":"ProcessGetUpdates", "result":"Done", "context":{"dataType":"Sessions", "deleted":"1", "process_failed_to_decrypt":"0", "process_pending_decryption":"0", "process_success":"7", "total":"7"}}
{"logTime": "0928/143525", "correlationVector":"dUZEIfyqvoqgmsobBGQsEQ.3","action":"GetUpdates Response", "result":"Success", "context":Received 7 update(s). cV=dUZEIfyqvoqgmsobBGQsEQ.0;server=aksw2500100001u;cloudType=Consumer;environment=Prod_centralus_prod-s01-068-nam-centralus;migrationStage=NotStarted}
{"logTime": "0928/143525", "correlationVector":"i/eotXVWvr4PGFtbSljqce","action":"Initial GetUpdates", "result":"", "context":Reason: NEWLY_SUPPORTED_DATATYPE. cV=i/eotXVWvr4PGFtbSljqce}
{"logTime": "0928/143526", "correlationVector":"i/eotXVWvr4PGFtbSljqce.1","action":"SyncServerConnectionManagerRequest", "result":"SYNC_SERVER_OK", "context":{"environment":"Prod_centralus_prod-s01-068-nam-centralus", "migrationStage":"NotStarted", "server":"aksw2500100000h"}}
{"logTime": "0928/143526", "correlationVector":"i/eotXVWvr4PGFtbSljqce.2","action":"ProcessGetUpdates", "result":"Done", "context":{"dataType":"History", "deleted":"0", "process_failed_to_decrypt":"0", "process_pending_decryption":"0", "process_success":"250", "total":"250"}}
{"logTime": "0928/143526", "correlationVector":"i/eotXVWvr4PGFtbSljqce.3","action":"GetUpdates Response", "result":"Success", "context":Received 250 update(s). cV=i/eotXVWvr4PGFtbSljqce.0;server=aksw2500100000h;cloudType=Consumer;environment=Prod_centralus_prod-s01-068-nam-centralus;migrationStage=NotStarted Some updates remain.}
{"logTime": "0928/143526", "correlationVector":"c1wEpw6KJpDkBovbpTiTSI","action":"Initial GetUpdates", "result":"", "context":Reason: NEWLY_SUPPORTED_DATATYPE. cV=c1wEpw6KJpDkBovbpTiTSI}
{"logTime": "0928/143526", "correlationVector":"c1wEpw6KJpDkBovbpTiTSI.1","action":"SyncServerConnectionManagerRequest", "result":"SYNC_SERVER_OK", "context":{"environment":"Prod_centralus_prod-s01-068-nam-centralus", "migrationStage":"NotStarted", "server":"aksw2500100001c"}}
{"logTime": "0928/143526", "correlationVector":"c1wEpw6KJpDkBovbpTiTSI.2","action":"ProcessGetUpdates", "result":"Done", "context":{"dataType":"History", "deleted":"0", "process_failed_to_decrypt":"0", "process_pending_decryption":"0", "process_success":"235", "total":"235"}}
{"logTime": "0928/143526", "correlationVector":"c1wEpw6KJpDkBovbpTiTSI.3","action":"GetUpdates Response", "result":"Success", "context":Received 235 update(s). cV=c1wEpw6KJpDkBovbpTiTSI.0;server=aksw2500100001c;cloudType=Consumer;environment=Prod_centralus_prod-s01-068-nam-centralus;migrationStage=NotStarted}
{"logTime": "0928/143526", "correlationVector":"MqJvtrEH4nO/z50ZvJE6p9","action":"Normal GetUpdate request", "result":"", "context":cV=MqJvtrEH4nO/z50ZvJE6p9
Nudged types: Sessions, Device Info, User Consents
Refresh requested types: Bookmarks, Preferences, Passwords, Autofill Profiles, Autofill, Extensions, Sessions, Extension settings, History Delete Directives, Device Info, User Consents, Send Tab To Self, Web Apps, History, Saved Tab Group, WebAuthn Credentials, Edge Hub App Usage, Edge Workspace, Encryption Keys}
{"logTime": "0928/143527", "correlationVector":"MqJvtrEH4nO/z50ZvJE6p9.1","action":"SyncServerConnectionManagerRequest", "result":"SYNC_SERVER_OK", "context":{"environment":"Prod_eastus2_prod-s01-050-nam-eastus2", "migrationStage":"NotStarted", "server":"aksw2500100000d"}}
{"logTime": "0928/143527", "correlationVector":"MqJvtrEH4nO/z50ZvJE6p9.2","action":"GetUpdates Response", "result":"Success", "context":Received 0 update(s). cV=MqJvtrEH4nO/z50ZvJE6p9.0;server=aksw2500100000d;cloudType=Consumer;environment=Prod_eastus2_prod-s01-050-nam-eastus2;migrationStage=NotStarted}
{"logTime": "0928/143527", "correlationVector":"XRN349RsBb2sipmofLlULS","action":"DoCompareDataConsistency requsted types: ", "result":"Bookmarks, Preferences, Passwords, Extensions, Extension settings, History Delete Directives, Send Tab To Self, Web Apps, History, Saved Tab Group, WebAuthn Credentials, Edge Workspace, Encryption Keys"}
{"logTime": "0928/143527", "correlationVector":"XRN349RsBb2sipmofLlULS.0","action":"CompareDataConsistency result: ", "result":"Compare result: Encryption Keys is consistent. local entities count is: 1 local entities hash is: SIMQqIAYouqiL++nCaw52YeBpeg="}
{"logTime": "0928/143527", "correlationVector":"XRN349RsBb2sipmofLlULS.1","action":"CompareDataConsistency result: ", "result":"Compare result: Bookmarks is consistent. local entities count is: 4 local entities hash is: 6cnm1Rk+u4u0FyzFI4nOjzKlbkQ="}
{"logTime": "0928/143527", "correlationVector":"XRN349RsBb2sipmofLlULS.2","action":"CompareDataConsistency result: ", "result":"Compare result: Preferences is consistent. local entities count is: 81 local entities hash is: 9kEARvuuVVyVl9/nSzfZF+f3K+M="}
{"logTime": "0928/143527", "correlationVector":"XRN349RsBb2sipmofLlULS.3","action":"CompareDataConsistency result: ", "result":"Compare result: Extensions is consistent. local entities count is: 0 local entities hash is: "}
{"logTime": "0928/143527", "correlationVector":"XRN349RsBb2sipmofLlULS.4","action":"CompareDataConsistency result: ", "result":"Compare result: Extension settings is consistent. local entities count is: 0 local entities hash is: "}
{"logTime": "0928/143527", "correlationVector":"XRN349RsBb2sipmofLlULS.5","action":"CompareDataConsistency result: ", "result":"Compare result: History Delete Directives is consistent. local entities count is: 0 local entities hash is: "}
{"logTime": "0928/143527", "correlationVector":"XRN349RsBb2sipmofLlULS.6","action":"CompareDataConsistency result: ", "result":"Server did not send this Send Tab To Self local entities count is: 0 local entities hash is: "}
{"logTime": "0928/143527", "correlationVector":"XRN349RsBb2sipmofLlULS.7","action":"CompareDataConsistency result: ", "result":"Compare result: Web Apps is consistent. local entities count is: 0 local entities hash is: "}
{"logTime": "0928/143527", "correlationVector":"XRN349RsBb2sipmofLlULS.8","action":"CompareDataConsistency result: ", "result":"Server did not send this History local entities count is: 0 local entities hash is: "}
{"logTime": "0928/143527", "correlationVector":"XRN349RsBb2sipmofLlULS.9","action":"CompareDataConsistency result: ", "result":"Compare result: Saved Tab Group is consistent. local entities count is: 0 local entities hash is: "}
{"logTime": "0928/143527", "correlationVector":"XRN349RsBb2sipmofLlULS.10","action":"CompareDataConsistency result: ", "result":"Server did not send this WebAuthn Credentials local entities count is: 0 local entities hash is: "}
{"logTime": "0928/143527", "correlationVector":"XRN349RsBb2sipmofLlULS.11","action":"CompareDataConsistency result: ", "result":"Server did not send this Edge Workspace local entities count is: 0 local entities hash is: "}
{"logTime": "0928/143527", "correlationVector":"XRN349RsBb2sipmofLlULS.12","action":"CompareDataConsistency result: ", "result":"Compare result: Passwords is consistent. local entities count is: 17 local entities hash is: 1j0iyR90VA5j/ZE5YsIA80ZmQI4="}
{"logTime": "0928/143527", "correlationVector":"A+6N9kcf18iCk/LB8Jt5Wq","action":"Commit Request", "result":"", "context":Item count: 4
Contributing types: Sessions, Device Info, User Consents}
{"logTime": "0928/143527", "correlationVector":"A+6N9kcf18iCk/LB8Jt5Wq.1","action":"SyncServerConnectionManagerRequest", "result":"SYNC_SERVER_OK", "context":{"environment":"Prod_eastus2_prod-s01-050-nam-eastus2", "migrationStage":"NotStarted", "server":"aksw25001000013"}}
{"logTime": "0928/143527", "correlationVector":"A+6N9kcf18iCk/LB8Jt5Wq.2","action":"Commit Response", "result":"Success", "context":Result: Success. cV=A+6N9kcf18iCk/LB8Jt5Wq.0;server=aksw25001000013;cloudType=Consumer;environment=Prod_eastus2_prod-s01-050-nam-eastus2;migrationStage=NotStarted}
{"logTime": "0928/143527", "correlationVector":"","action":"DIAGNOSTIC_REQUEST|v1/diagnosticData/Diagnostic.SendCheckResult()|SUCCESS", "result":""}
{"logTime": "0928/143615", "correlationVector":"xvHc3aGX0rT6i15Ot0fhPG","action":"Commit Request", "result":"", "context":Item count: 18
Contributing types: Passwords, Sessions, History}
{"logTime": "0928/143617", "correlationVector":"xvHc3aGX0rT6i15Ot0fhPG.1","action":"SyncServerConnectionManagerRequest", "result":"SYNC_SERVER_OK", "context":{"environment":"Prod_centralus_prod-s01-068-nam-centralus", "migrationStage":"NotStarted", "server":"aksw2500100001w"}}
{"logTime": "0928/143617", "correlationVector":"xvHc3aGX0rT6i15Ot0fhPG.2","action":"Commit Response", "result":"Success", "context":Result: Success. cV=xvHc3aGX0rT6i15Ot0fhPG.0;server=aksw2500100001w;cloudType=Consumer;environment=Prod_centralus_prod-s01-068-nam-centralus;migrationStage=NotStarted}
{"logTime": "0928/145314", "correlationVector":"lnZsaFY/WKiheYNwKgS5ct.1","action":"SyncServerConnectionManagerRequest", "result":"SYNC_SERVER_OK", "context":{"environment":"Prod_centralus_prod-s01-068-nam-centralus", "migrationStage":"NotStarted", "server":"aksw2500100000z"}}
{"logTime": "0928/145314", "correlationVector":"lnZsaFY/WKiheYNwKgS5ct.2","action":"ProcessGetUpdates", "result":"Done", "context":{"dataType":"Encryption Keys", "deleted":"0", "process_failed_to_decrypt":"0", "process_pending_decryption":"0", "process_success":"1", "total":"1"}}
{"logTime": "0928/145314", "correlationVector":"n3icauKwSEjDXLLsbnyxhV","action":"SyncServerConnectionManagerRequest", "result":"SYNC_SERVER_OK", "context":{"environment":"", "migrationStage":"", "server":""}}
{"logTime": "0928/145314", "correlationVector":"n3icauKwSEjDXLLsbnyxhV.0","action":"EncryptionKeysFetcher.DownloadKeys:", "result":"Success", "context":Key count: 5, Last key timestamp: 2026-09-27T01:53:48Z}
{"logTime": "0928/145314", "correlationVector":"n3icauKwSEjDXLLsbnyxhV.1","action":"EncryptionKeysManager::SetEncryptionKeys:", "result":"Success", "context":Key names[5]:[W48xGPHN91uN7LdC8hhe6chc5NS6EtQifIn5TP5eXb6F2mnQUt3Ag/fuv7LQLq8e0fo7GnrXOTbfSVQ9/KteSA==][SZoZUmQUW21g8LUEjRq90pTRBfnL+CDUGqSHd78rCe4zLQSp6i59r8aatryy2FFQferhkyHTpXsyuUYX83FNBg==][gi5CcDlERj0Q/TqmAThR8ntwRHr2cd+db57L3XwWyrejIWshk7DCXi3pfxyxDLrOdbFjdLIT28/PD81RZVQUBg==][HTjheR8Ogg0ukAd6WZQoQ5+XEvJWMcsUZOW0UUrMO85BurIS+wOfwPt+33KrZFlWOqVmqLo/wVmBBHk1EY5OtA==][Xivfoo7AvVzQJgymKbSY3zLyv2Ls2ib7lGstfETRGQV9NVNXPP6cWIgGWAPUtXxX2UeT99qeSTrsEml97Ml8Cg==]}
{"logTime": "0928/145314", "correlationVector":"n3icauKwSEjDXLLsbnyxhV.2","action":"EncryptionKeysManager::SetEncryptionKeysWithTimestamps:", "result":"Success", "context":Key timestamps[5]:[2024-09-24T02:00:15Z][2025-03-29T02:13:37Z][2025-09-29T02:50:57Z][2026-03-29T02:02:45Z][2026-09-27T01:53:48Z]}
{"logTime": "0928/145314", "correlationVector":"lnZsaFY/WKiheYNwKgS5ct","action":"Initial GetUpdates", "result":"", "context":Reason: NEW_CLIENT. cV=lnZsaFY/WKiheYNwKgS5ct}
{"logTime": "0928/145314", "correlationVector":"lnZsaFY/WKiheYNwKgS5ct.3","action":"GetUpdates Response", "result":"Success", "context":Received 1 update(s). cV=lnZsaFY/WKiheYNwKgS5ct.0;server=aksw2500100000z;cloudType=Consumer;environment=Prod_centralus_prod-s01-068-nam-centralus;migrationStage=NotStarted}
{"logTime": "0928/145314", "correlationVector":"ZepZunZvkAKhmXVOpIrGzf","action":"Initial GetUpdates", "result":"", "context":Reason: NEWLY_SUPPORTED_DATATYPE. cV=ZepZunZvkAKhmXVOpIrGzf}
{"logTime": "0928/145315", "correlationVector":"ZepZunZvkAKhmXVOpIrGzf.1","action":"SyncServerConnectionManagerRequest", "result":"SYNC_SERVER_OK", "context":{"environment":"Prod_centralus_prod-s01-068-nam-centralus", "migrationStage":"NotStarted", "server":"aksw25001000010"}}
{"logTime": "0928/145315", "correlationVector":"ZepZunZvkAKhmXVOpIrGzf.2","action":"ProcessGetUpdates", "result":"Done", "context":{"dataType":"Passwords", "deleted":"0", "process_failed_to_decrypt":"0", "process_pending_decryption":"0", "process_success":"17", "total":"17"}}
{"logTime": "0928/145315", "correlationVector":"ZepZunZvkAKhmXVOpIrGzf.3","action":"GetUpdates Response", "result":"Success", "context":Received 17 update(s). cV=ZepZunZvkAKhmXVOpIrGzf.0;server=aksw25001000010;cloudType=Consumer;environment=Prod_centralus_prod-s01-068-nam-centralus;migrationStage=NotStarted}
{"logTime": "0928/145315", "correlationVector":"Svgjmjyo3sfuFBGHg/ZyXj","action":"Normal GetUpdate request", "result":"", "context":cV=Svgjmjyo3sfuFBGHg/ZyXj
Nudged types: Sessions, History
Refresh requested types: Bookmarks, Preferences, Passwords, Autofill Profiles, Autofill, Extensions, Sessions, Extension settings, History Delete Directives, Device Info, User Consents, Send Tab To Self, Web Apps, History, Saved Tab Group, WebAuthn Credentials, Edge Hub App Usage, Edge Workspace, Encryption Keys}
{"logTime": "0928/145315", "correlationVector":"Svgjmjyo3sfuFBGHg/ZyXj.1","action":"SyncServerConnectionManagerRequest", "result":"SYNC_SERVER_OK", "context":{"environment":"Prod_centralus_prod-s01-068-nam-centralus", "migrationStage":"NotStarted", "server":"aksw2500100000y"}}
{"logTime": "0928/145315", "correlationVector":"Svgjmjyo3sfuFBGHg/ZyXj.2","action":"ProcessGetUpdates", "result":"Done", "context":{"dataType":"Sessions", "deleted":"0", "process_failed_to_decrypt":"0", "process_pending_decryption":"0", "process_success":"2", "total":"2"}}
{"logTime": "0928/145315", "correlationVector":"Svgjmjyo3sfuFBGHg/ZyXj.3","action":"ProcessGetUpdates", "result":"Done", "context":{"dataType":"Device Info", "deleted":"0", "process_failed_to_decrypt":"0", "process_pending_decryption":"0", "process_success":"1", "total":"1"}}
{"logTime": "0928/145315", "correlationVector":"Svgjmjyo3sfuFBGHg/ZyXj.4","action":"ProcessGetUpdates", "result":"Done", "context":{"dataType":"History", "deleted":"0", "process_failed_to_decrypt":"0", "process_pending_decryption":"0", "process_success":"1", "total":"1"}}
{"logTime": "0928/145315", "correlationVector":"Svgjmjyo3sfuFBGHg/ZyXj.5","action":"GetUpdates Response", "result":"Success", "context":Received 4 update(s). cV=Svgjmjyo3sfuFBGHg/ZyXj.0;server=aksw2500100000y;cloudType=Consumer;environment=Prod_centralus_prod-s01-068-nam-centralus;migrationStage=NotStarted}
{"logTime": "0928/145315", "correlationVector":"Msk7Qr+A1ZF+L1uHEjFxSL","action":"Commit Request", "result":"", "context":Item count: 3
Contributing types: Sessions, History}
{"logTime": "0928/145315", "correlationVector":"Msk7Qr+A1ZF+L1uHEjFxSL.1","action":"SyncServerConnectionManagerRequest", "result":"SYNC_SERVER_OK", "context":{"environment":"Prod_centralus_prod-s01-068-nam-centralus", "migrationStage":"NotStarted", "server":"aksw2500100000z"}}
{"logTime": "0928/145315", "correlationVector":"Msk7Qr+A1ZF+L1uHEjFxSL.2","action":"Commit Response", "result":"Success", "context":Result: Success. cV=Msk7Qr+A1ZF+L1uHEjFxSL.0;server=aksw2500100000z;cloudType=Consumer;environment=Prod_centralus_prod-s01-068-nam-centralus;migrationStage=NotStarted}
{"logTime": "0928/145322", "correlationVector":"owRuW0VihoQ4RBLJOoyYOG","action":"Commit Request", "result":"", "context":Item count: 17
Contributing types: Preferences, Passwords}
{"logTime": "0928/145324", "correlationVector":"owRuW0VihoQ4RBLJOoyYOG.1","action":"SyncServerConnectionManagerRequest", "result":"SYNC_SERVER_OK", "context":{"environment":"Prod_centralus_prod-s01-068-nam-centralus", "migrationStage":"NotStarted", "server":"aksw25001000011"}}
{"logTime": "0928/145324", "correlationVector":"owRuW0VihoQ4RBLJOoyYOG.2","action":"Commit Response", "result":"Success", "context":Result: Success. cV=owRuW0VihoQ4RBLJOoyYOG.0;server=aksw25001000011;cloudType=Consumer;environment=Prod_centralus_prod-s01-068-nam-centralus;migrationStage=NotStarted}
{"logTime": "0928/170831", "correlationVector":"iMTXgPAM8jQCj0xWaI4GSd.1","action":"SyncServerConnectionManagerRequest", "result":"SYNC_SERVER_OK", "context":{"environment":"Prod_centralus_prod-s01-068-nam-centralus", "migrationStage":"NotStarted", "server":"aksw25001000000"}}
{"logTime": "0928/170831", "correlationVector":"iMTXgPAM8jQCj0xWaI4GSd.2","action":"ProcessGetUpdates", "result":"Done", "context":{"dataType":"Encryption Keys", "deleted":"0", "process_failed_to_decrypt":"0", "process_pending_decryption":"0", "process_success":"1", "total":"1"}}
{"logTime": "0928/170832", "correlationVector":"Cyx/fQds/SaOnYh2w/MWHF","action":"SyncServerConnectionManagerRequest", "result":"SYNC_SERVER_OK", "context":{"environment":"", "migrationStage":"", "server":""}}
{"logTime": "0928/170832", "correlationVector":"Cyx/fQds/SaOnYh2w/MWHF.0","action":"EncryptionKeysFetcher.DownloadKeys:", "result":"Success", "context":Key count: 5, Last key timestamp: 2026-09-27T01:53:48Z}
{"logTime": "0928/170832", "correlationVector":"Cyx/fQds/SaOnYh2w/MWHF.1","action":"EncryptionKeysManager::SetEncryptionKeys:", "result":"Success", "context":Key names[5]:[W48xGPHN91uN7LdC8hhe6chc5NS6EtQifIn5TP5eXb6F2mnQUt3Ag/fuv7LQLq8e0fo7GnrXOTbfSVQ9/KteSA==][SZoZUmQUW21g8LUEjRq90pTRBfnL+CDUGqSHd78rCe4zLQSp6i59r8aatryy2FFQferhkyHTpXsyuUYX83FNBg==][gi5CcDlERj0Q/TqmAThR8ntwRHr2cd+db57L3XwWyrejIWshk7DCXi3pfxyxDLrOdbFjdLIT28/PD81RZVQUBg==][HTjheR8Ogg0ukAd6WZQoQ5+XEvJWMcsUZOW0UUrMO85BurIS+wOfwPt+33KrZFlWOqVmqLo/wVmBBHk1EY5OtA==][Xivfoo7AvVzQJgymKbSY3zLyv2Ls2ib7lGstfETRGQV9NVNXPP6cWIgGWAPUtXxX2UeT99qeSTrsEml97Ml8Cg==]}
{"logTime": "0928/170832", "correlationVector":"Cyx/fQds/SaOnYh2w/MWHF.2","action":"EncryptionKeysManager::SetEncryptionKeysWithTimestamps:", "result":"Success", "context":Key timestamps[5]:[2024-09-24T02:00:15Z][2025-03-29T02:13:37Z][2025-09-29T02:50:57Z][2026-03-29T02:02:45Z][2026-09-27T01:53:48Z]}
{"logTime": "0928/170832", "correlationVector":"iMTXgPAM8jQCj0xWaI4GSd","action":"Initial GetUpdates", "result":"", "context":Reason: NEW_CLIENT. cV=iMTXgPAM8jQCj0xWaI4GSd}
{"logTime": "0928/170832", "correlationVector":"iMTXgPAM8jQCj0xWaI4GSd.3","action":"GetUpdates Response", "result":"Success", "context":Received 1 update(s). cV=iMTXgPAM8jQCj0xWaI4GSd.0;server=aksw25001000000;cloudType=Consumer;environment=Prod_centralus_prod-s01-068-nam-centralus;migrationStage=NotStarted}
{"logTime": "0928/170832", "correlationVector":"vO2RS6LjAsWq7g7vrStln2","action":"Initial GetUpdates", "result":"", "context":Reason: NEWLY_SUPPORTED_DATATYPE. cV=vO2RS6LjAsWq7g7vrStln2}
{"logTime": "0928/170833", "correlationVector":"vO2RS6LjAsWq7g7vrStln2.1","action":"SyncServerConnectionManagerRequest", "result":"SYNC_SERVER_OK", "context":{"environment":"Prod_eastus2_prod-s01-050-nam-eastus2", "migrationStage":"NotStarted", "server":"aksw2500100001o"}}
{"logTime": "0928/170833", "correlationVector":"vO2RS6LjAsWq7g7vrStln2.2","action":"ProcessGetUpdates", "result":"Done", "context":{"dataType":"Passwords", "deleted":"0", "process_failed_to_decrypt":"0", "process_pending_decryption":"0", "process_success":"17", "total":"17"}}
{"logTime": "0928/170833", "correlationVector":"vO2RS6LjAsWq7g7vrStln2.3","action":"ProcessGetUpdates", "result":"Done", "context":{"dataType":"Device Info", "deleted":"0", "process_failed_to_decrypt":"0", "process_pending_decryption":"0", "process_success":"17", "total":"17"}}
{"logTime": "0928/170833", "correlationVector":"vO2RS6LjAsWq7g7vrStln2.4","action":"GetUpdates Response", "result":"Success", "context":Received 34 update(s). cV=vO2RS6LjAsWq7g7vrStln2.0;server=aksw2500100001o;cloudType=Consumer;environment=Prod_eastus2_prod-s01-050-nam-eastus2;migrationStage=NotStarted}
{"logTime": "0928/170833", "correlationVector":"AC708QIeQ77q7/eYJ4Eqpp","action":"Initial GetUpdates", "result":"", "context":Reason: NEWLY_SUPPORTED_DATATYPE. cV=AC708QIeQ77q7/eYJ4Eqpp}
{"logTime": "0928/170835", "correlationVector":"AC708QIeQ77q7/eYJ4Eqpp.1","action":"SyncServerConnectionManagerRequest", "result":"SYNC_SERVER_OK", "context":{"environment":"Prod_centralus_prod-s01-068-nam-centralus", "migrationStage":"NotStarted", "server":"aksw2500100001y"}}
{"logTime": "0928/170835", "correlationVector":"AC708QIeQ77q7/eYJ4Eqpp.2","action":"ProcessGetUpdates", "result":"Done", "context":{"dataType":"Bookmarks", "deleted":"0", "process_failed_to_decrypt":"0", "process_pending_decryption":"0", "process_success":"9", "total":"9"}}
{"logTime": "0928/170835", "correlationVector":"AC708QIeQ77q7/eYJ4Eqpp.3","action":"ProcessGetUpdates", "result":"Done", "context":{"dataType":"Preferences", "deleted":"0", "process_failed_to_decrypt":"0", "process_pending_decryption":"0", "process_success":"70", "total":"70"}}
{"logTime": "0928/170835", "correlationVector":"AC708QIeQ77q7/eYJ4Eqpp.4","action":"ProcessGetUpdates", "result":"Done", "context":{"dataType":"Autofill Profiles", "deleted":"0", "process_failed_to_decrypt":"0", "process_pending_decryption":"0", "process_success":"5", "total":"5"}}
{"logTime": "0928/170835", "correlationVector":"AC708QIeQ77q7/eYJ4Eqpp.5","action":"ProcessGetUpdates", "result":"Done", "context":{"dataType":"Autofill", "deleted":"0", "process_failed_to_decrypt":"0", "process_pending_decryption":"0", "process_success":"166", "total":"166"}}
{"logTime": "0928/170835", "correlationVector":"AC708QIeQ77q7/eYJ4Eqpp.6","action":"GetUpdates Response", "result":"Success", "context":Received 250 update(s). cV=AC708QIeQ77q7/eYJ4Eqpp.0;server=aksw2500100001y;cloudType=Consumer;environment=Prod_centralus_prod-s01-068-nam-centralus;migrationStage=NotStarted Some updates remain.}
{"logTime": "0928/170835", "correlationVector":"aZx+SuHltG/mWkunTUejiE","action":"Initial GetUpdates", "result":"", "context":Reason: NEWLY_SUPPORTED_DATATYPE. cV=aZx+SuHltG/mWkunTUejiE}
{"logTime": "0928/170836", "correlationVector":"aZx+SuHltG/mWkunTUejiE.1","action":"SyncServerConnectionManagerRequest", "result":"SYNC_SERVER_OK", "context":{"environment":"Prod_centralus_prod-s01-068-nam-centralus", "migrationStage":"NotStarted", "server":"aksw2500100000c"}}
{"logTime": "0928/170836", "correlationVector":"aZx+SuHltG/mWkunTUejiE.2","action":"ProcessGetUpdates", "result":"Done", "context":{"dataType":"Bookmarks", "deleted":"0", "process_failed_to_decrypt":"0", "process_pending_decryption":"0", "process_success":"1", "total":"1"}}
{"logTime": "0928/170836", "correlationVector":"aZx+SuHltG/mWkunTUejiE.3","action":"ProcessGetUpdates", "result":"Done", "context":{"dataType":"Preferences", "deleted":"0", "process_failed_to_decrypt":"0", "process_pending_decryption":"0", "process_success":"10", "total":"10"}}
{"logTime": "0928/170836", "correlationVector":"aZx+SuHltG/mWkunTUejiE.4","action":"ProcessGetUpdates", "result":"Done", "context":{"dataType":"Autofill Profiles", "deleted":"3", "process_failed_to_decrypt":"0", "process_pending_decryption":"0", "process_success":"5", "total":"5"}}
{"logTime": "0928/170836", "correlationVector":"aZx+SuHltG/mWkunTUejiE.5","action":"ProcessGetUpdates", "result":"Done", "context":{"dataType":"Autofill", "deleted":"0", "process_failed_to_decrypt":"0", "process_pending_decryption":"0", "process_success":"51", "total":"51"}}
{"logTime": "0928/170836", "correlationVector":"aZx+SuHltG/mWkunTUejiE.6","action":"ProcessGetUpdates", "result":"Done", "context":{"dataType":"Sessions", "deleted":"156", "process_failed_to_decrypt":"0", "process_pending_decryption":"0", "process_success":"173", "total":"173"}}
{"logTime": "0928/170836", "correlationVector":"aZx+SuHltG/mWkunTUejiE.7","action":"ProcessGetUpdates", "result":"Done", "context":{"dataType":"Edge Hub App Usage", "deleted":"3", "process_failed_to_decrypt":"0", "process_pending_decryption":"0", "process_success":"10", "total":"10"}}
{"logTime": "0928/170836", "correlationVector":"aZx+SuHltG/mWkunTUejiE.8","action":"GetUpdates Response", "result":"Success", "context":Received 250 update(s). cV=aZx+SuHltG/mWkunTUejiE.0;server=aksw2500100000c;cloudType=Consumer;environment=Prod_centralus_prod-s01-068-nam-centralus;migrationStage=NotStarted Some updates remain.}
{"logTime": "0928/170836", "correlationVector":"le9kMUN43xTWdEv1LzRZQF","action":"Initial GetUpdates", "result":"", "context":Reason: NEWLY_SUPPORTED_DATATYPE. cV=le9kMUN43xTWdEv1LzRZQF}
{"logTime": "0928/170836", "correlationVector":"le9kMUN43xTWdEv1LzRZQF.1","action":"SyncServerConnectionManagerRequest", "result":"SYNC_SERVER_OK", "context":{"environment":"Prod_eastus2_prod-s01-050-nam-eastus2", "migrationStage":"NotStarted", "server":"aksw2500100000y"}}
{"logTime": "0928/170836", "correlationVector":"le9kMUN43xTWdEv1LzRZQF.2","action":"ProcessGetUpdates", "result":"Done", "context":{"dataType":"Preferences", "deleted":"0", "process_failed_to_decrypt":"0", "process_pending_decryption":"0", "process_success":"1", "total":"1"}}
{"logTime": "0928/170836", "correlationVector":"le9kMUN43xTWdEv1LzRZQF.3","action":"ProcessGetUpdates", "result":"Done", "context":{"dataType":"Sessions", "deleted":"1", "process_failed_to_decrypt":"0", "process_pending_decryption":"0", "process_success":"8", "total":"8"}}
{"logTime": "0928/170836", "correlationVector":"le9kMUN43xTWdEv1LzRZQF.4","action":"GetUpdates Response", "result":"Success", "context":Received 9 update(s). cV=le9kMUN43xTWdEv1LzRZQF.0;server=aksw2500100000y;cloudType=Consumer;environment=Prod_eastus2_prod-s01-050-nam-eastus2;migrationStage=NotStarted}
{"logTime": "0928/170837", "correlationVector":"ay5Hpy4Y+DhgxPyCYrrAyQ","action":"Initial GetUpdates", "result":"", "context":Reason: NEWLY_SUPPORTED_DATATYPE. cV=ay5Hpy4Y+DhgxPyCYrrAyQ}
{"logTime": "0928/170838", "correlationVector":"ay5Hpy4Y+DhgxPyCYrrAyQ.1","action":"SyncServerConnectionManagerRequest", "result":"SYNC_SERVER_OK", "context":{"environment":"Prod_centralus_prod-s01-068-nam-centralus", "migrationStage":"NotStarted", "server":"aksw2500100001o"}}
{"logTime": "0928/170838", "correlationVector":"ay5Hpy4Y+DhgxPyCYrrAyQ.2","action":"ProcessGetUpdates", "result":"Done", "context":{"dataType":"History", "deleted":"0", "process_failed_to_decrypt":"0", "process_pending_decryption":"0", "process_success":"250", "total":"250"}}
{"logTime": "0928/170838", "correlationVector":"ay5Hpy4Y+DhgxPyCYrrAyQ.3","action":"GetUpdates Response", "result":"Success", "context":Received 250 update(s). cV=ay5Hpy4Y+DhgxPyCYrrAyQ.0;server=aksw2500100001o;cloudType=Consumer;environment=Prod_centralus_prod-s01-068-nam-centralus;migrationStage=NotStarted Some updates remain.}
{"logTime": "0928/170838", "correlationVector":"ZgECGg94oRDkiUUIIzw1ZZ","action":"Initial GetUpdates", "result":"", "context":Reason: NEWLY_SUPPORTED_DATATYPE. cV=ZgECGg94oRDkiUUIIzw1ZZ}
{"logTime": "0928/170839", "correlationVector":"ZgECGg94oRDkiUUIIzw1ZZ.1","action":"SyncServerConnectionManagerRequest", "result":"SYNC_SERVER_OK", "context":{"environment":"Prod_centralus_prod-s01-068-nam-centralus", "migrationStage":"NotStarted", "server":"aksw2500100001b"}}
{"logTime": "0928/170839", "correlationVector":"ZgECGg94oRDkiUUIIzw1ZZ.2","action":"ProcessGetUpdates", "result":"Done", "context":{"dataType":"History", "deleted":"0", "process_failed_to_decrypt":"0", "process_pending_decryption":"0", "process_success":"236", "total":"236"}}
{"logTime": "0928/170839", "correlationVector":"ZgECGg94oRDkiUUIIzw1ZZ.3","action":"GetUpdates Response", "result":"Success", "context":Received 236 update(s). cV=ZgECGg94oRDkiUUIIzw1ZZ.0;server=aksw2500100001b;cloudType=Consumer;environment=Prod_centralus_prod-s01-068-nam-centralus;migrationStage=NotStarted}
{"logTime": "0928/170839", "correlationVector":"2LdUDUzaiQqptbLSJ642+H","action":"Normal GetUpdate request", "result":"", "context":cV=2LdUDUzaiQqptbLSJ642+H
Nudged types: Sessions, Device Info
Refresh requested types: Bookmarks, Preferences, Passwords, Autofill Profiles, Autofill, Extensions, Sessions, Extension settings, History Delete Directives, Device Info, User Consents, Send Tab To Self, Web Apps, History, Saved Tab Group, WebAuthn Credentials, Edge Hub App Usage, Edge Workspace, Encryption Keys}
{"logTime": "0928/170839", "correlationVector":"2LdUDUzaiQqptbLSJ642+H.1","action":"SyncServerConnectionManagerRequest", "result":"SYNC_SERVER_OK", "context":{"environment":"Prod_eastus2_prod-s01-050-nam-eastus2", "migrationStage":"NotStarted", "server":"aksw2500100001c"}}
{"logTime": "0928/170839", "correlationVector":"2LdUDUzaiQqptbLSJ642+H.2","action":"GetUpdates Response", "result":"Success", "context":Received 0 update(s). cV=2LdUDUzaiQqptbLSJ642+H.0;server=aksw2500100001c;cloudType=Consumer;environment=Prod_eastus2_prod-s01-050-nam-eastus2;migrationStage=NotStarted}
{"logTime": "0928/170839", "correlationVector":"dmyPHv6hhYfk9CnWz24CyE","action":"Commit Request", "result":"", "context":Item count: 3
Contributing types: Sessions, Device Info}
{"logTime": "0928/170840", "correlationVector":"dmyPHv6hhYfk9CnWz24CyE.1","action":"SyncServerConnectionManagerRequest", "result":"SYNC_SERVER_OK", "context":{"environment":"Prod_centralus_prod-s01-068-nam-centralus", "migrationStage":"NotStarted", "server":"aksw25001000003"}}
{"logTime": "0928/170840", "correlationVector":"dmyPHv6hhYfk9CnWz24CyE.2","action":"Commit Response", "result":"Success", "context":Result: Success. cV=dmyPHv6hhYfk9CnWz24CyE.0;server=aksw25001000003;cloudType=Consumer;environment=Prod_centralus_prod-s01-068-nam-centralus;migrationStage=NotStarted}
{"logTime": "0928/170840", "correlationVector":"71n0Oc7SC6BlbbHJbG03hT","action":"Commit Request", "result":"", "context":Item count: 17
Contributing types: Preferences, Passwords}
{"logTime": "0928/170842", "correlationVector":"71n0Oc7SC6BlbbHJbG03hT.1","action":"SyncServerConnectionManagerRequest", "result":"SYNC_SERVER_OK", "context":{"environment":"Prod_centralus_prod-s01-068-nam-centralus", "migrationStage":"NotStarted", "server":"aksw25001000014"}}
{"logTime": "0928/170842", "correlationVector":"71n0Oc7SC6BlbbHJbG03hT.2","action":"Commit Response", "result":"Success", "context":Result: Success. cV=71n0Oc7SC6BlbbHJbG03hT.0;server=aksw25001000014;cloudType=Consumer;environment=Prod_centralus_prod-s01-068-nam-centralus;migrationStage=NotStarted}
{"logTime": "0928/170947", "correlationVector":"Y34OvqKHk81tcyWvRZ0rL5","action":"Commit Request", "result":"", "context":Item count: 2
Contributing types: Sessions, History}
{"logTime": "0928/171003", "correlationVector":"Y34OvqKHk81tcyWvRZ0rL5","action":"SyncServerConnectionManagerRequest", "result":"CONNECTION_UNAVAILABLE", "context":{"error_type":"net_error_code", "error_value":"-105"}}
{"logTime": "0928/171003", "correlationVector":"mOAhpLmxuJE0e9R+2iWId9.0","action":"Commit Response", "result":"Network error (ERR_NAME_NOT_RESOLVED)", "context":Result: Network error (ERR_NAME_NOT_RESOLVED). }
{"logTime": "0928/171004", "correlationVector":"KyppSYxyS+VvlvJQkfxmiG","action":"Commit Request", "result":"", "context":Item count: 2
Contributing types: Sessions, History}
{"logTime": "0928/171004", "correlationVector":"KyppSYxyS+VvlvJQkfxmiG.1","action":"SyncServerConnectionManagerRequest", "result":"SYNC_SERVER_OK", "context":{"environment":"Prod_centralus_prod-s01-068-nam-centralus", "migrationStage":"NotStarted", "server":"aksw2500100001e"}}
{"logTime": "0928/171004", "correlationVector":"KyppSYxyS+VvlvJQkfxmiG.2","action":"Commit Response", "result":"Success", "context":Result: Success. cV=KyppSYxyS+VvlvJQkfxmiG.0;server=aksw2500100001e;cloudType=Consumer;environment=Prod_centralus_prod-s01-068-nam-centralus;migrationStage=NotStarted}
{"logTime": "0928/173844", "correlationVector":"RSNWahBJ+UHULNIy8lqAdc","action":"Commit Request", "result":"", "context":Item count: 1
Contributing types: Sessions}
{"logTime": "0928/173844", "correlationVector":"RSNWahBJ+UHULNIy8lqAdc.1","action":"SyncServerConnectionManagerRequest", "result":"SYNC_SERVER_OK", "context":{"environment":"Prod_centralus_prod-s01-068-nam-centralus", "migrationStage":"NotStarted", "server":"aksw2500100001k"}}
{"logTime": "0928/173844", "correlationVector":"RSNWahBJ+UHULNIy8lqAdc.2","action":"Commit Response", "result":"Success", "context":Result: Success. cV=RSNWahBJ+UHULNIy8lqAdc.0;server=aksw2500100001k;cloudType=Consumer;environment=Prod_centralus_prod-s01-068-nam-centralus;migrationStage=NotStarted}
